gcc -g p1final.c -lm
îº§ gdb ./a.out
GNU gdb (Ubuntu 8.1.1-0ubuntu1) 8.1.1
Copyright (C) 2018 Free Software Foundation, Inc.
License GPLv3+: GNU GPL version 3 or later <http://gnu.org/licenses/gpl.html>
This is free software: you are free to change and redistribute it.
There is NO WARRANTY, to the extent permitted by law.  Type "show copying"
and "show warranty" for details.
This GDB was configured as "x86_64-linux-gnu".
Type "show configuration" for configuration details.
For bug reporting instructions, please see:
<http://www.gnu.org/software/gdb/bugs/>.
Find the GDB manual and other documentation resources online at:
<http://www.gnu.org/software/gdb/documentation/>.
For help, type "help".
Type "apropos word" to search for commands related to "word"...
Reading symbols from ./a.out...done.
(gdb) b main
Breakpoint 1 at 0x932: file p1final.c, line 18.
(gdb) r
Starting program: /home/runner/Test2Session2/a.out 
warning: Error disabling address space randomization: Operation not permitted

Breakpoint 1, main () at p1final.c:18
18  {
(gdb) n
20    input(&x1,&y1,&x2,&y2);
(gdb) s
input (x1=0x7ffc3f2f8224, y1=0x7ffc3f2f8228, x2=0x7ffc3f2f822c, 
    y2=0x7ffc3f2f8230) at p1final.c:5
5    printf("enter the values of x1,y1,x2,y2\n");
(gdb) n
enter the values of x1,y1,x2,y2
6     scanf("%f%f%f%f",x1,y1,x2,y2);
(gdb) n
4
5
6
8
7   }
(gdb) n
main () at p1final.c:21
21    find_distance(x1,y1,x2,y2,&d);
(gdb) s
find_distance (x1=4, y1=5, x2=6, y2=8, distance=0x7ffc3f2f8234) at p1final.c:10
10    *distance=sqrt(pow((x2-x1),2)+pow((y2-y1),2));
(gdb) n
11  }
(gdb) n
main () at p1final.c:22
22    output(x1,y1,x2,y2,d);
(gdb) s
output (x1=4, y1=5, x2=6, y2=8, distance=3.60555124) at p1final.c:14
14    printf("the distance between the points (%f,%f)and (%f,%f)is %f\n",x1,y1,x2,y2,distance);
(gdb) n
the distance between the points (4.000000,5.000000)and (6.000000,8.000000)is 3.605551
16  }
(gdb) c
Continuing.
[Inferior 1 (process 152) exited normally]
(gdb)
